[2026-04-16 10:58:52] === Check avviato ===
[2026-04-16 10:58:53] ❌ Nessuna disponibilità per Prima Visita Ginecologica
[2026-04-16 10:58:54] ❌ Nessuna disponibilità per Prima Visita Ginecologica (Endometriosi)
[2026-04-16 10:58:54] Nessuna disponibilità trovata. Riprovo al prossimo check.
[2026-04-16 10:58:54] === Check completato ===
[2026-04-16 11:04:04] === Check avviato ===
[2026-04-16 11:04:05] ❌ Nessuna disponibilità per Prima Visita Ginecologica
[2026-04-16 11:04:05] ❌ Nessuna disponibilità per Prima Visita Ginecologica (Endometriosi)
[2026-04-16 11:04:05] ⏱ [11:04:05] Sacro Cuore: nessuno slot disponibile. Ricontrollo tra 5 min.
[2026-04-16 11:04:05] ✉️ Telegram inviato OK
[2026-04-16 11:04:05] === Check completato ===
[2026-04-16 11:05:56] === Check avviato ===
[2026-04-16 11:05:56] ❌ Nessuna disponibilità per Prima Visita Ginecologica
[2026-04-16 11:05:57] ❌ Nessuna disponibilità per Prima Visita Ginecologica (Endometriosi)
[2026-04-16 11:05:57] ⏱ [11:05:57] Sacro Cuore: nessuno slot disponibile. Ricontrollo tra 5 min.
[2026-04-16 11:05:57] ✉️ Telegram inviato OK
[2026-04-16 11:05:57] === Check completato ===
[2026-04-16 11:10:54] === Check avviato ===
[2026-04-16 11:10:55] ❌ Nessuna disponibilità per Prima Visita Ginecologica
[2026-04-16 11:10:55] ❌ Nessuna disponibilità per Prima Visita Ginecologica (Endometriosi)
[2026-04-16 11:10:55] ⏱ [11:10:55] Sacro Cuore: nessuno slot disponibile. Ricontrollo tra 5 min.
[2026-04-16 11:10:56] ✉️ Telegram inviato OK
[2026-04-16 11:10:56] === Check completato ===
[2026-04-16 11:24:45] === Check avviato ===
[2026-04-16 11:24:45] ❌ Nessuna disponibilità per Prima Visita Ginecologica
[2026-04-16 11:24:46] ❌ Nessuna disponibilità per Prima Visita Ginecologica (Endometriosi)
[2026-04-16 11:24:46] ⏱ [11:24:46] Sacro Cuore: nessuno slot disponibile. Ricontrollo tra 5 min.
[2026-04-16 11:24:46] ✉️ Telegram inviato OK
[2026-04-16 11:24:46] === Check completato ===
[2026-04-16 11:26:23] === Check avviato ===
[2026-04-16 11:26:23] ❌ Nessuna disponibilità per Prima Visita Ginecologica
[2026-04-16 11:26:24] ❌ Nessuna disponibilità per Prima Visita Ginecologica (Endometriosi)
[2026-04-16 11:26:24] ⏱ [11:26:24] Sacro Cuore: nessuno slot disponibile. Ricontrollo tra 5 min.
[2026-04-16 11:26:24] ✉️ Telegram inviato OK
[2026-04-16 11:26:24] === Check completato ===
[2026-04-16 11:30:54] === Check avviato ===
[2026-04-16 11:30:54] ❌ Nessuna disponibilità per Prima Visita Ginecologica
[2026-04-16 11:30:55] ❌ Nessuna disponibilità per Prima Visita Ginecologica (Endometriosi)
[2026-04-16 11:30:55] ⏱ [11:30:55] Sacro Cuore: nessuno slot disponibile. Ricontrollo tra 5 min.
[2026-04-16 11:30:55] ✉️ Telegram inviato OK
[2026-04-16 11:30:55] === Check completato ===
[2026-04-16 11:33:29] === Check avviato ===
[2026-04-16 11:33:30] ❌ Nessuna disponibilità per Prima Visita Ginecologica
[2026-04-16 11:33:31] ❌ Nessuna disponibilità per Prima Visita Ginecologica (Endometriosi)
[2026-04-16 11:33:31] ⏱ [11:33:31] Sacro Cuore: nessuno slot disponibile. Ricontrollo tra 5 min.
[2026-04-16 11:33:31] ✉️ Telegram inviato OK
[2026-04-16 11:33:31] === Check completato ===
[2026-04-16 11:35:55] === Check avviato ===
[2026-04-16 11:35:56] ❌ Nessuna disponibilità per Prima Visita Ginecologica
[2026-04-16 11:35:56] ❌ Nessuna disponibilità per Prima Visita Ginecologica (Endometriosi)
[2026-04-16 11:35:56] ⏱ [11:35:56] Sacro Cuore: nessuno slot disponibile. Ricontrollo tra 5 min.
[2026-04-16 11:35:56] ✉️ Telegram inviato OK
[2026-04-16 11:35:56] === Check completato ===
[2026-04-16 11:40:53] === Check avviato ===
[2026-04-16 11:40:54] ❌ Nessuna disponibilità per Prima Visita Ginecologica
[2026-04-16 11:40:54] ❌ Nessuna disponibilità per Prima Visita Ginecologica (Endometriosi)
[2026-04-16 11:40:54] ⏱ [11:40:54] Sacro Cuore: nessuno slot disponibile. Ricontrollo tra 5 min.
[2026-04-16 11:40:55] ✉️ Telegram inviato OK
[2026-04-16 11:40:55] === Check completato ===
[2026-04-16 11:45:53] === Check avviato ===
[2026-04-16 11:45:54] ❌ Nessuna disponibilità per Prima Visita Ginecologica
[2026-04-16 11:45:54] ❌ Nessuna disponibilità per Prima Visita Ginecologica (Endometriosi)
[2026-04-16 11:45:54] ⏱ [11:45:54] Sacro Cuore: nessuno slot disponibile. Ricontrollo tra 5 min.
[2026-04-16 11:45:55] ✉️ Telegram inviato OK
[2026-04-16 11:45:55] === Check completato ===
[2026-04-16 11:50:54] === Check avviato ===
[2026-04-16 11:50:55] ❌ Nessuna disponibilità per Prima Visita Ginecologica
[2026-04-16 11:50:56] ❌ Nessuna disponibilità per Prima Visita Ginecologica (Endometriosi)
[2026-04-16 11:50:56] ⏱ [11:50:56] Sacro Cuore: nessuno slot disponibile. Ricontrollo tra 5 min.
[2026-04-16 11:50:56] ✉️ Telegram inviato OK
[2026-04-16 11:50:56] === Check completato ===
[2026-04-16 11:55:54] === Check avviato ===
[2026-04-16 11:55:55] ❌ Nessuna disponibilità per Prima Visita Ginecologica
[2026-04-16 11:55:55] ❌ Nessuna disponibilità per Prima Visita Ginecologica (Endometriosi)
[2026-04-16 11:55:55] ⏱ [11:55:55] Sacro Cuore: nessuno slot disponibile. Ricontrollo tra 5 min.
[2026-04-16 11:55:55] ✉️ Telegram inviato OK
[2026-04-16 11:55:55] === Check completato ===
[2026-04-16 12:00:54] === Check avviato ===
[2026-04-16 12:00:55] ❌ Nessuna disponibilità per Prima Visita Ginecologica
[2026-04-16 12:00:56] ❌ Nessuna disponibilità per Prima Visita Ginecologica (Endometriosi)
[2026-04-16 12:00:56] ⏱ [12:00:56] Sacro Cuore: nessuno slot disponibile. Ricontrollo tra 5 min.
[2026-04-16 12:00:56] ✉️ Telegram inviato OK
[2026-04-16 12:00:56] === Check completato ===
[2026-04-16 12:06:47] === Check avviato ===
[2026-04-16 12:06:48] ❌ Nessuna disponibilità per Prima Visita Ginecologica
[2026-04-16 12:06:48] ❌ Nessuna disponibilità per Prima Visita Ginecologica (Endometriosi)
[2026-04-16 12:06:48] ⏱ [12:06:48] Sacro Cuore: nessuno slot disponibile. Ricontrollo tra 5 min.
[2026-04-16 12:06:48] ✉️ Telegram inviato OK
[2026-04-16 12:06:48] === Check completato ===
[2026-04-16 12:10:54] === Check avviato ===
[2026-04-16 12:10:54] ❌ Nessuna disponibilità per Prima Visita Ginecologica
[2026-04-16 12:10:55] ❌ Nessuna disponibilità per Prima Visita Ginecologica (Endometriosi)
[2026-04-16 12:10:55] ⏱ [12:10:55] Sacro Cuore: nessuno slot disponibile. Ricontrollo tra 5 min.
[2026-04-16 12:10:55] ✉️ Telegram inviato OK
[2026-04-16 12:10:55] === Check completato ===
[2026-04-16 12:15:53] === Check avviato ===
[2026-04-16 12:15:54] ❌ Nessuna disponibilità per Prima Visita Ginecologica
[2026-04-16 12:15:54] ❌ Nessuna disponibilità per Prima Visita Ginecologica (Endometriosi)
[2026-04-16 12:15:54] ⏱ [12:15:54] Sacro Cuore: nessuno slot disponibile. Ricontrollo tra 5 min.
[2026-04-16 12:15:54] ✉️ Telegram inviato OK
[2026-04-16 12:15:54] === Check completato ===
[2026-04-16 12:20:53] === Check avviato ===
[2026-04-16 12:20:54] ❌ Nessuna disponibilità per Prima Visita Ginecologica
[2026-04-16 12:20:54] ❌ Nessuna disponibilità per Prima Visita Ginecologica (Endometriosi)
[2026-04-16 12:20:54] ⏱ [12:20:54] Sacro Cuore: nessuno slot disponibile. Ricontrollo tra 5 min.
[2026-04-16 12:20:54] ✉️ Telegram inviato OK
[2026-04-16 12:20:54] === Check completato ===
[2026-04-16 12:28:03] === Check avviato ===
[2026-04-16 12:28:03] ❌ Nessuna disponibilità per Prima Visita Ginecologica
[2026-04-16 12:28:04] ❌ Nessuna disponibilità per Prima Visita Ginecologica (Endometriosi)
[2026-04-16 12:28:04] ⏱ [12:28:04] Sacro Cuore: nessuno slot disponibile. Ricontrollo tra 5 min.
[2026-04-16 12:28:04] ✉️ Telegram inviato OK
[2026-04-16 12:28:04] === Check completato ===
[2026-04-16 12:30:54] === Check avviato ===
[2026-04-16 12:30:55] ❌ Nessuna disponibilità per Prima Visita Ginecologica
[2026-04-16 12:30:55] ❌ Nessuna disponibilità per Prima Visita Ginecologica (Endometriosi)
[2026-04-16 12:30:55] ⏱ [12:30:55] Sacro Cuore: nessuno slot disponibile. Ricontrollo tra 5 min.
[2026-04-16 12:30:55] ✉️ Telegram inviato OK
[2026-04-16 12:30:55] === Check completato ===
[2026-04-16 12:36:05] === Check avviato ===
[2026-04-16 12:36:05] ❌ Nessuna disponibilità per Prima Visita Ginecologica
[2026-04-16 12:36:06] ❌ Nessuna disponibilità per Prima Visita Ginecologica (Endometriosi)
[2026-04-16 12:36:06] ⏱ [12:36:06] Sacro Cuore: nessuno slot disponibile. Ricontrollo tra 5 min.
[2026-04-16 12:36:06] ✉️ Telegram inviato OK
[2026-04-16 12:36:06] === Check completato ===
[2026-04-16 12:42:42] === Check avviato ===
[2026-04-16 12:42:43] ❌ Nessuna disponibilità per Prima Visita Ginecologica
[2026-04-16 12:42:43] ❌ Nessuna disponibilità per Prima Visita Ginecologica (Endometriosi)
[2026-04-16 12:42:43] ⏱ [12:42:43] Sacro Cuore: nessuno slot disponibile. Ricontrollo tra 5 min.
[2026-04-16 12:42:43] ✉️ Telegram inviato OK
[2026-04-16 12:42:43] === Check completato ===
[2026-04-16 12:45:53] === Check avviato ===
[2026-04-16 12:45:54] ❌ Nessuna disponibilità per Prima Visita Ginecologica
[2026-04-16 12:45:55] ❌ Nessuna disponibilità per Prima Visita Ginecologica (Endometriosi)
[2026-04-16 12:45:55] ⏱ [12:45:55] Sacro Cuore: nessuno slot disponibile. Ricontrollo tra 5 min.
[2026-04-16 12:45:55] ✉️ Telegram inviato OK
[2026-04-16 12:45:55] === Check completato ===
[2026-04-16 12:50:54] === Check avviato ===
[2026-04-16 12:50:54] ❌ Nessuna disponibilità per Prima Visita Ginecologica
[2026-04-16 12:50:55] ❌ Nessuna disponibilità per Prima Visita Ginecologica (Endometriosi)
[2026-04-16 12:50:55] ⏱ [12:50:55] Sacro Cuore: nessuno slot disponibile. Ricontrollo tra 5 min.
[2026-04-16 12:50:55] ✉️ Telegram inviato OK
[2026-04-16 12:50:55] === Check completato ===
[2026-04-16 12:55:54] === Check avviato ===
[2026-04-16 12:55:55] ❌ Nessuna disponibilità per Prima Visita Ginecologica
[2026-04-16 12:55:55] ❌ Nessuna disponibilità per Prima Visita Ginecologica (Endometriosi)
[2026-04-16 12:55:55] ⏱ [12:55:55] Sacro Cuore: nessuno slot disponibile. Ricontrollo tra 5 min.
[2026-04-16 12:55:55] ✉️ Telegram inviato OK
[2026-04-16 12:55:55] === Check completato ===
[2026-04-16 13:00:54] === Check avviato ===
[2026-04-16 13:00:54] ❌ Nessuna disponibilità per Prima Visita Ginecologica
[2026-04-16 13:00:55] ❌ Nessuna disponibilità per Prima Visita Ginecologica (Endometriosi)
[2026-04-16 13:00:55] ⏱ [13:00:55] Sacro Cuore: nessuno slot disponibile. Ricontrollo tra 5 min.
[2026-04-16 13:00:55] ✉️ Telegram inviato OK
[2026-04-16 13:00:55] === Check completato ===
[2026-04-16 13:05:54] === Check avviato ===
[2026-04-16 13:05:54] ❌ Nessuna disponibilità per Prima Visita Ginecologica
[2026-04-16 13:05:55] ❌ Nessuna disponibilità per Prima Visita Ginecologica (Endometriosi)
[2026-04-16 13:05:55] ⏱ [13:05:55] Sacro Cuore: nessuno slot disponibile. Ricontrollo tra 5 min.
[2026-04-16 13:05:55] ✉️ Telegram inviato OK
[2026-04-16 13:05:55] === Check completato ===
[2026-04-16 13:10:59] === Check avviato ===
[2026-04-16 13:10:59] ❌ Nessuna disponibilità per Prima Visita Ginecologica
[2026-04-16 13:11:00] ❌ Nessuna disponibilità per Prima Visita Ginecologica (Endometriosi)
[2026-04-16 13:11:00] ⏱ [13:11:00] Sacro Cuore: nessuno slot disponibile. Ricontrollo tra 5 min.
[2026-04-16 13:11:00] ✉️ Telegram inviato OK
[2026-04-16 13:11:00] === Check completato ===
[2026-04-16 13:15:55] === Check avviato ===
[2026-04-16 13:15:56] ❌ Nessuna disponibilità per Prima Visita Ginecologica
[2026-04-16 13:15:56] ❌ Nessuna disponibilità per Prima Visita Ginecologica (Endometriosi)
[2026-04-16 13:15:56] ⏱ [13:15:56] Sacro Cuore: nessuno slot disponibile. Ricontrollo tra 5 min.
[2026-04-16 13:15:56] ✉️ Telegram inviato OK
[2026-04-16 13:15:56] === Check completato ===
[2026-04-16 13:20:54] === Check avviato ===
[2026-04-16 13:20:54] ❌ Nessuna disponibilità per Prima Visita Ginecologica
[2026-04-16 13:20:55] ❌ Nessuna disponibilità per Prima Visita Ginecologica (Endometriosi)
[2026-04-16 13:20:55] ⏱ [13:20:55] Sacro Cuore: nessuno slot disponibile. Ricontrollo tra 5 min.
[2026-04-16 13:20:55] ✉️ Telegram inviato OK
[2026-04-16 13:20:55] === Check completato ===
[2026-04-16 13:25:54] === Check avviato ===
[2026-04-16 13:25:54] ❌ Nessuna disponibilità per Prima Visita Ginecologica
[2026-04-16 13:25:55] ❌ Nessuna disponibilità per Prima Visita Ginecologica (Endometriosi)
[2026-04-16 13:25:55] ⏱ [13:25:55] Sacro Cuore: nessuno slot disponibile. Ricontrollo tra 5 min.
[2026-04-16 13:25:55] ✉️ Telegram inviato OK
[2026-04-16 13:25:55] === Check completato ===
[2026-04-16 13:30:54] === Check avviato ===
[2026-04-16 13:30:55] ❌ Nessuna disponibilità per Prima Visita Ginecologica
[2026-04-16 13:30:55] ❌ Nessuna disponibilità per Prima Visita Ginecologica (Endometriosi)
[2026-04-16 13:30:55] ⏱ [13:30:55] Sacro Cuore: nessuno slot disponibile. Ricontrollo tra 5 min.
[2026-04-16 13:30:55] ✉️ Telegram inviato OK
[2026-04-16 13:30:55] === Check completato ===
[2026-04-16 13:35:54] === Check avviato ===
[2026-04-16 13:35:54] ❌ Nessuna disponibilità per Prima Visita Ginecologica
[2026-04-16 13:35:54] ❌ Nessuna disponibilità per Prima Visita Ginecologica (Endometriosi)
[2026-04-16 13:35:54] ⏱ [13:35:54] Sacro Cuore: nessuno slot disponibile. Ricontrollo tra 5 min.
[2026-04-16 13:35:55] ✉️ Telegram inviato OK
[2026-04-16 13:35:55] === Check completato ===
[2026-04-16 13:40:53] === Check avviato ===
[2026-04-16 13:40:54] ❌ Nessuna disponibilità per Prima Visita Ginecologica
[2026-04-16 13:40:54] ❌ Nessuna disponibilità per Prima Visita Ginecologica (Endometriosi)
[2026-04-16 13:40:54] ⏱ [13:40:54] Sacro Cuore: nessuno slot disponibile. Ricontrollo tra 5 min.
[2026-04-16 13:40:54] ✉️ Telegram inviato OK
[2026-04-16 13:40:54] === Check completato ===
[2026-04-16 13:45:53] === Check avviato ===
[2026-04-16 13:45:54] ❌ Nessuna disponibilità per Prima Visita Ginecologica
[2026-04-16 13:45:54] ❌ Nessuna disponibilità per Prima Visita Ginecologica (Endometriosi)
[2026-04-16 13:45:54] ⏱ [13:45:54] Sacro Cuore: nessuno slot disponibile. Ricontrollo tra 5 min.
[2026-04-16 13:45:55] ✉️ Telegram inviato OK
[2026-04-16 13:45:55] === Check completato ===
[2026-04-16 13:50:54] === Check avviato ===
[2026-04-16 13:50:55] ❌ Nessuna disponibilità per Prima Visita Ginecologica
[2026-04-16 13:50:56] ❌ Nessuna disponibilità per Prima Visita Ginecologica (Endometriosi)
[2026-04-16 13:50:56] ⏱ [13:50:56] Sacro Cuore: nessuno slot disponibile. Ricontrollo tra 5 min.
[2026-04-16 13:50:56] ✉️ Telegram inviato OK
[2026-04-16 13:50:56] === Check completato ===
[2026-04-16 13:55:54] === Check avviato ===
[2026-04-16 13:55:54] ❌ Nessuna disponibilità per Prima Visita Ginecologica
[2026-04-16 13:55:55] ❌ Nessuna disponibilità per Prima Visita Ginecologica (Endometriosi)
[2026-04-16 13:55:55] ⏱ [13:55:55] Sacro Cuore: nessuno slot disponibile. Ricontrollo tra 5 min.
[2026-04-16 13:55:55] ✉️ Telegram inviato OK
[2026-04-16 13:55:55] === Check completato ===
[2026-04-16 14:00:54] === Check avviato ===
[2026-04-16 14:00:54] ❌ Nessuna disponibilità per Prima Visita Ginecologica
[2026-04-16 14:00:55] ❌ Nessuna disponibilità per Prima Visita Ginecologica (Endometriosi)
[2026-04-16 14:00:55] ⏱ [14:00:55] Sacro Cuore: nessuno slot disponibile. Ricontrollo tra 5 min.
[2026-04-16 14:00:55] ✉️ Telegram inviato OK
[2026-04-16 14:00:55] === Check completato ===
[2026-04-16 14:05:53] === Check avviato ===
[2026-04-16 14:05:54] ❌ Nessuna disponibilità per Prima Visita Ginecologica
[2026-04-16 14:05:54] ❌ Nessuna disponibilità per Prima Visita Ginecologica (Endometriosi)
[2026-04-16 14:05:54] ⏱ [14:05:54] Sacro Cuore: nessuno slot disponibile. Ricontrollo tra 5 min.
[2026-04-16 14:05:54] ✉️ Telegram inviato OK
[2026-04-16 14:05:54] === Check completato ===
[2026-04-16 14:10:55] === Check avviato ===
[2026-04-16 14:10:56] ❌ Nessuna disponibilità per Prima Visita Ginecologica
[2026-04-16 14:10:56] ❌ Nessuna disponibilità per Prima Visita Ginecologica (Endometriosi)
[2026-04-16 14:10:56] ⏱ [14:10:56] Sacro Cuore: nessuno slot disponibile. Ricontrollo tra 5 min.
[2026-04-16 14:10:56] ✉️ Telegram inviato OK
[2026-04-16 14:10:56] === Check completato ===
[2026-04-16 14:15:53] === Check avviato ===
[2026-04-16 14:15:54] ❌ Nessuna disponibilità per Prima Visita Ginecologica
[2026-04-16 14:15:54] ❌ Nessuna disponibilità per Prima Visita Ginecologica (Endometriosi)
[2026-04-16 14:15:54] ⏱ [14:15:54] Sacro Cuore: nessuno slot disponibile. Ricontrollo tra 5 min.
[2026-04-16 14:15:54] ✉️ Telegram inviato OK
[2026-04-16 14:15:54] === Check completato ===
[2026-04-16 14:20:55] === Check avviato ===
[2026-04-16 14:20:56] ❌ Nessuna disponibilità per Prima Visita Ginecologica
[2026-04-16 14:20:56] ❌ Nessuna disponibilità per Prima Visita Ginecologica (Endometriosi)
[2026-04-16 14:20:56] ⏱ [14:20:56] Sacro Cuore: nessuno slot disponibile. Ricontrollo tra 5 min.
[2026-04-16 14:20:57] ✉️ Telegram inviato OK
[2026-04-16 14:20:57] === Check completato ===
[2026-04-16 14:25:54] === Check avviato ===
[2026-04-16 14:25:55] ❌ Nessuna disponibilità per Prima Visita Ginecologica
[2026-04-16 14:25:55] ❌ Nessuna disponibilità per Prima Visita Ginecologica (Endometriosi)
[2026-04-16 14:25:55] ⏱ [14:25:55] Sacro Cuore: nessuno slot disponibile. Ricontrollo tra 5 min.
[2026-04-16 14:25:55] ✉️ Telegram inviato OK
[2026-04-16 14:25:55] === Check completato ===
[2026-04-16 14:30:54] === Check avviato ===
[2026-04-16 14:30:55] ❌ Nessuna disponibilità per Prima Visita Ginecologica
[2026-04-16 14:30:55] ❌ Nessuna disponibilità per Prima Visita Ginecologica (Endometriosi)
[2026-04-16 14:30:55] ⏱ [14:30:55] Sacro Cuore: nessuno slot disponibile. Ricontrollo tra 5 min.
[2026-04-16 14:30:55] ✉️ Telegram inviato OK
[2026-04-16 14:30:55] === Check completato ===
[2026-04-16 14:35:53] === Check avviato ===
[2026-04-16 14:35:54] ❌ Nessuna disponibilità per Prima Visita Ginecologica
[2026-04-16 14:35:54] ❌ Nessuna disponibilità per Prima Visita Ginecologica (Endometriosi)
[2026-04-16 14:35:54] ⏱ [14:35:54] Sacro Cuore: nessuno slot disponibile. Ricontrollo tra 5 min.
[2026-04-16 14:35:54] ✉️ Telegram inviato OK
[2026-04-16 14:35:54] === Check completato ===
[2026-04-16 14:40:54] === Check avviato ===
[2026-04-16 14:40:54] ❌ Nessuna disponibilità per Prima Visita Ginecologica
[2026-04-16 14:40:55] ❌ Nessuna disponibilità per Prima Visita Ginecologica (Endometriosi)
[2026-04-16 14:40:55] ⏱ [14:40:55] Sacro Cuore: nessuno slot disponibile. Ricontrollo tra 5 min.
[2026-04-16 14:40:55] ✉️ Telegram inviato OK
[2026-04-16 14:40:55] === Check completato ===
[2026-04-16 14:45:55] === Check avviato ===
[2026-04-16 14:45:56] ❌ Nessuna disponibilità per Prima Visita Ginecologica
[2026-04-16 14:45:57] ❌ Nessuna disponibilità per Prima Visita Ginecologica (Endometriosi)
[2026-04-16 14:45:57] ⏱ [14:45:57] Sacro Cuore: nessuno slot disponibile. Ricontrollo tra 5 min.
[2026-04-16 14:45:57] ✉️ Telegram inviato OK
[2026-04-16 14:45:57] === Check completato ===
[2026-04-16 14:50:54] === Check avviato ===
[2026-04-16 14:50:54] ❌ Nessuna disponibilità per Prima Visita Ginecologica
[2026-04-16 14:50:55] ❌ Nessuna disponibilità per Prima Visita Ginecologica (Endometriosi)
[2026-04-16 14:50:55] ⏱ [14:50:55] Sacro Cuore: nessuno slot disponibile. Ricontrollo tra 5 min.
[2026-04-16 14:50:55] ✉️ Telegram inviato OK
[2026-04-16 14:50:55] === Check completato ===
[2026-04-16 14:55:54] === Check avviato ===
[2026-04-16 14:55:55] ❌ Nessuna disponibilità per Prima Visita Ginecologica
[2026-04-16 14:55:56] ❌ Nessuna disponibilità per Prima Visita Ginecologica (Endometriosi)
[2026-04-16 14:55:56] ⏱ [14:55:56] Sacro Cuore: nessuno slot disponibile. Ricontrollo tra 5 min.
[2026-04-16 14:55:56] ✉️ Telegram inviato OK
[2026-04-16 14:55:56] === Check completato ===
[2026-04-16 15:00:54] === Check avviato ===
[2026-04-16 15:00:54] ❌ Nessuna disponibilità per Prima Visita Ginecologica
[2026-04-16 15:00:55] ❌ Nessuna disponibilità per Prima Visita Ginecologica (Endometriosi)
[2026-04-16 15:00:55] ⏱ [15:00:55] Sacro Cuore: nessuno slot disponibile. Ricontrollo tra 5 min.
[2026-04-16 15:00:55] ✉️ Telegram inviato OK
[2026-04-16 15:00:55] === Check completato ===
[2026-04-16 15:05:55] === Check avviato ===
[2026-04-16 15:05:55] ❌ Nessuna disponibilità per Prima Visita Ginecologica
[2026-04-16 15:05:56] ❌ Nessuna disponibilità per Prima Visita Ginecologica (Endometriosi)
[2026-04-16 15:05:56] ⏱ [15:05:56] Sacro Cuore: nessuno slot disponibile. Ricontrollo tra 5 min.
[2026-04-16 15:05:56] ✉️ Telegram inviato OK
[2026-04-16 15:05:56] === Check completato ===
[2026-04-16 15:10:54] === Check avviato ===
[2026-04-16 15:10:55] ❌ Nessuna disponibilità per Prima Visita Ginecologica
[2026-04-16 15:10:55] ❌ Nessuna disponibilità per Prima Visita Ginecologica (Endometriosi)
[2026-04-16 15:10:55] ⏱ [15:10:55] Sacro Cuore: nessuno slot disponibile. Ricontrollo tra 5 min.
[2026-04-16 15:10:55] ✉️ Telegram inviato OK
[2026-04-16 15:10:55] === Check completato ===
[2026-04-16 15:15:55] === Check avviato ===
[2026-04-16 15:15:55] ❌ Nessuna disponibilità per Prima Visita Ginecologica
[2026-04-16 15:15:56] ❌ Nessuna disponibilità per Prima Visita Ginecologica (Endometriosi)
[2026-04-16 15:15:56] ⏱ [15:15:56] Sacro Cuore: nessuno slot disponibile. Ricontrollo tra 5 min.
[2026-04-16 15:15:56] ✉️ Telegram inviato OK
[2026-04-16 15:15:56] === Check completato ===
[2026-04-16 15:20:55] === Check avviato ===
[2026-04-16 15:20:57] ❌ Nessuna disponibilità per Prima Visita Ginecologica
[2026-04-16 15:20:57] ❌ Nessuna disponibilità per Prima Visita Ginecologica (Endometriosi)
[2026-04-16 15:20:57] ⏱ [15:20:57] Sacro Cuore: nessuno slot disponibile. Ricontrollo tra 5 min.
[2026-04-16 15:20:57] ✉️ Telegram inviato OK
[2026-04-16 15:20:57] === Check completato ===
[2026-04-16 15:25:54] === Check avviato ===
[2026-04-16 15:25:55] ❌ Nessuna disponibilità per Prima Visita Ginecologica
[2026-04-16 15:25:56] ❌ Nessuna disponibilità per Prima Visita Ginecologica (Endometriosi)
[2026-04-16 15:25:56] ⏱ [15:25:56] Sacro Cuore: nessuno slot disponibile. Ricontrollo tra 5 min.
[2026-04-16 15:26:06] ✉️ Telegram inviato OK
[2026-04-16 15:26:06] === Check completato ===
[2026-04-16 15:30:53] === Check avviato ===
[2026-04-16 15:30:54] ❌ Nessuna disponibilità per Prima Visita Ginecologica
[2026-04-16 15:30:55] ❌ Nessuna disponibilità per Prima Visita Ginecologica (Endometriosi)
[2026-04-16 15:30:55] ⏱ [15:30:55] Sacro Cuore: nessuno slot disponibile. Ricontrollo tra 5 min.
[2026-04-16 15:30:55] ✉️ Telegram inviato OK
[2026-04-16 15:30:55] === Check completato ===
[2026-04-16 15:35:53] === Check avviato ===
[2026-04-16 15:35:54] ❌ Nessuna disponibilità per Prima Visita Ginecologica
[2026-04-16 15:35:54] ❌ Nessuna disponibilità per Prima Visita Ginecologica (Endometriosi)
[2026-04-16 15:35:54] ⏱ [15:35:54] Sacro Cuore: nessuno slot disponibile. Ricontrollo tra 5 min.
[2026-04-16 15:36:04] ✉️ Telegram inviato OK
[2026-04-16 15:36:04] === Check completato ===
[2026-04-16 15:40:56] === Check avviato ===
[2026-04-16 15:40:57] ❌ Nessuna disponibilità per Prima Visita Ginecologica
[2026-04-16 15:40:57] ❌ Nessuna disponibilità per Prima Visita Ginecologica (Endometriosi)
[2026-04-16 15:40:57] ⏱ [15:40:57] Sacro Cuore: nessuno slot disponibile. Ricontrollo tra 5 min.
[2026-04-16 15:40:57] ✉️ Telegram inviato OK
[2026-04-16 15:40:57] === Check completato ===
[2026-04-16 15:45:53] === Check avviato ===
[2026-04-16 15:45:54] ❌ Nessuna disponibilità per Prima Visita Ginecologica (Endometriosi)
[2026-04-16 15:45:54] ⏱ [15:45:54] Sacro Cuore: nessuno slot disponibile. Ricontrollo tra 5 min.
[2026-04-16 15:45:54] ✉️ Telegram inviato OK
[2026-04-16 15:45:54] === Check completato ===
[2026-04-16 15:50:56] === Check avviato ===
[2026-04-16 15:50:56] ❌ Nessuna disponibilità per Prima Visita Ginecologica (Endometriosi)
[2026-04-16 15:50:56] ⏱ [15:50:56] Sacro Cuore: nessuno slot disponibile. Ricontrollo tra 5 min.
[2026-04-16 15:50:57] ✉️ Telegram inviato OK
[2026-04-16 15:50:57] === Check completato ===
[2026-04-16 15:56:48] === Check avviato ===
[2026-04-16 15:56:48] ❌ Nessuna disponibilità per Prima Visita Ginecologica (Endometriosi)
[2026-04-16 15:56:48] ⏱ [15:56:48] Sacro Cuore: nessuno slot disponibile. Ricontrollo tra 5 min.
[2026-04-16 15:56:49] ✉️ Telegram inviato OK
[2026-04-16 15:56:49] === Check completato ===
[2026-04-16 16:00:53] === Check avviato ===
[2026-04-16 16:00:54] ❌ Nessuna disponibilità per Prima Visita Ginecologica (Endometriosi)
[2026-04-16 16:00:54] ⏱ [16:00:54] Sacro Cuore: nessuno slot disponibile. Ricontrollo tra 5 min.
[2026-04-16 16:00:54] ✉️ Telegram inviato OK
[2026-04-16 16:00:54] === Check completato ===
[2026-04-16 16:05:53] === Check avviato ===
[2026-04-16 16:05:54] ❌ Nessuna disponibilità per Prima Visita Ginecologica (Endometriosi)
[2026-04-16 16:05:54] ⏱ [16:05:54] Sacro Cuore: nessuno slot disponibile. Ricontrollo tra 5 min.
[2026-04-16 16:05:54] ✉️ Telegram inviato OK
[2026-04-16 16:05:54] === Check completato ===
[2026-04-16 16:10:53] === Check avviato ===
[2026-04-16 16:10:54] ❌ Nessuna disponibilità per Prima Visita Ginecologica (Endometriosi)
[2026-04-16 16:10:54] ⏱ [16:10:54] Sacro Cuore: nessuno slot disponibile. Ricontrollo tra 5 min.
[2026-04-16 16:10:54] ✉️ Telegram inviato OK
[2026-04-16 16:10:54] === Check completato ===
[2026-04-16 16:15:53] === Check avviato ===
[2026-04-16 16:15:53] ❌ Nessuna disponibilità per Prima Visita Ginecologica (Endometriosi)
[2026-04-16 16:15:53] ⏱ [16:15:53] Sacro Cuore: nessuno slot disponibile. Ricontrollo tra 5 min.
[2026-04-16 16:15:54] ✉️ Telegram inviato OK
[2026-04-16 16:15:54] === Check completato ===
[2026-04-16 16:20:53] === Check avviato ===
[2026-04-16 16:20:54] ❌ Nessuna disponibilità per Prima Visita Ginecologica (Endometriosi)
[2026-04-16 16:20:54] ⏱ [16:20:54] Sacro Cuore: nessuno slot disponibile. Ricontrollo tra 5 min.
[2026-04-16 16:20:54] ✉️ Telegram inviato OK
[2026-04-16 16:20:54] === Check completato ===
[2026-04-16 16:25:53] === Check avviato ===
[2026-04-16 16:25:54] ❌ Nessuna disponibilità per Prima Visita Ginecologica (Endometriosi)
[2026-04-16 16:25:54] ⏱ [16:25:54] Sacro Cuore: nessuno slot disponibile. Ricontrollo tra 5 min.
[2026-04-16 16:25:54] ✉️ Telegram inviato OK
[2026-04-16 16:25:54] === Check completato ===
[2026-04-16 16:31:14] === Check avviato ===
[2026-04-16 16:31:14] ❌ Nessuna disponibilità per Prima Visita Ginecologica (Endometriosi)
[2026-04-16 16:31:14] ⏱ [16:31:14] Sacro Cuore: nessuno slot disponibile. Ricontrollo tra 5 min.
[2026-04-16 16:31:14] ✉️ Telegram inviato OK
[2026-04-16 16:31:14] === Check completato ===
[2026-04-16 16:35:53] === Check avviato ===
[2026-04-16 16:35:54] ❌ Nessuna disponibilità per Prima Visita Ginecologica (Endometriosi)
[2026-04-16 16:35:54] ⏱ [16:35:54] Sacro Cuore: nessuno slot disponibile. Ricontrollo tra 5 min.
[2026-04-16 16:35:54] ✉️ Telegram inviato OK
[2026-04-16 16:35:54] === Check completato ===
[2026-04-16 16:40:53] === Check avviato ===
[2026-04-16 16:40:53] ❌ Nessuna disponibilità per Prima Visita Ginecologica (Endometriosi)
[2026-04-16 16:40:53] ⏱ [16:40:53] Sacro Cuore: nessuno slot disponibile. Ricontrollo tra 5 min.
[2026-04-16 16:40:54] ✉️ Telegram inviato OK
[2026-04-16 16:40:54] === Check completato ===
[2026-04-16 16:45:53] === Check avviato ===
[2026-04-16 16:45:53] ❌ Nessuna disponibilità per Prima Visita Ginecologica (Endometriosi)
[2026-04-16 16:45:53] ⏱ [16:45:53] Sacro Cuore: nessuno slot disponibile. Ricontrollo tra 5 min.
[2026-04-16 16:45:54] ✉️ Telegram inviato OK
[2026-04-16 16:45:54] === Check completato ===
[2026-04-16 16:50:53] === Check avviato ===
[2026-04-16 16:50:53] ❌ Nessuna disponibilità per Prima Visita Ginecologica (Endometriosi)
[2026-04-16 16:50:53] ⏱ [16:50:53] Sacro Cuore: nessuno slot disponibile. Ricontrollo tra 5 min.
[2026-04-16 16:50:53] ✉️ Telegram inviato OK
[2026-04-16 16:50:53] === Check completato ===
[2026-04-16 16:55:53] === Check avviato ===
[2026-04-16 16:55:54] ❌ Nessuna disponibilità per Prima Visita Ginecologica (Endometriosi)
[2026-04-16 16:55:54] ⏱ [16:55:54] Sacro Cuore: nessuno slot disponibile. Ricontrollo tra 5 min.
[2026-04-16 16:55:54] ✉️ Telegram inviato OK
[2026-04-16 16:55:54] === Check completato ===
[2026-04-16 17:00:54] === Check avviato ===
[2026-04-16 17:00:54] ❌ Nessuna disponibilità per Prima Visita Ginecologica (Endometriosi)
[2026-04-16 17:00:54] ⏱ [17:00:54] Sacro Cuore: nessuno slot disponibile. Ricontrollo tra 5 min.
[2026-04-16 17:00:55] ✉️ Telegram inviato OK
[2026-04-16 17:00:55] === Check completato ===
[2026-04-16 17:05:53] === Check avviato ===
[2026-04-16 17:05:54] ❌ Nessuna disponibilità per Prima Visita Ginecologica (Endometriosi)
[2026-04-16 17:05:54] ⏱ [17:05:54] Sacro Cuore: nessuno slot disponibile. Ricontrollo tra 5 min.
[2026-04-16 17:05:54] ✉️ Telegram inviato OK
[2026-04-16 17:05:54] === Check completato ===
[2026-04-16 17:10:54] === Check avviato ===
[2026-04-16 17:10:55] ❌ Nessuna disponibilità per Prima Visita Ginecologica (Endometriosi)
[2026-04-16 17:10:55] ⏱ [17:10:55] Sacro Cuore: nessuno slot disponibile. Ricontrollo tra 5 min.
[2026-04-16 17:10:55] ✉️ Telegram inviato OK
[2026-04-16 17:10:55] === Check completato ===
[2026-04-16 17:15:53] === Check avviato ===
[2026-04-16 17:15:54] ❌ Nessuna disponibilità per Prima Visita Ginecologica (Endometriosi)
[2026-04-16 17:15:54] ⏱ [17:15:54] Sacro Cuore: nessuno slot disponibile. Ricontrollo tra 5 min.
[2026-04-16 17:15:54] ✉️ Telegram inviato OK
[2026-04-16 17:15:54] === Check completato ===
[2026-04-16 17:20:54] === Check avviato ===
[2026-04-16 17:20:55] ❌ Nessuna disponibilità per Prima Visita Ginecologica (Endometriosi)
[2026-04-16 17:20:55] ⏱ [17:20:55] Sacro Cuore: nessuno slot disponibile. Ricontrollo tra 5 min.
[2026-04-16 17:20:55] ✉️ Telegram inviato OK
[2026-04-16 17:20:55] === Check completato ===
[2026-04-16 17:25:53] === Check avviato ===
[2026-04-16 17:25:54] ❌ Nessuna disponibilità per Prima Visita Ginecologica (Endometriosi)
[2026-04-16 17:25:54] ⏱ [17:25:54] Sacro Cuore: nessuno slot disponibile. Ricontrollo tra 5 min.
[2026-04-16 17:25:54] ✉️ Telegram inviato OK
[2026-04-16 17:25:54] === Check completato ===
[2026-04-16 17:30:59] === Check avviato ===
[2026-04-16 17:31:00] ❌ Nessuna disponibilità per Prima Visita Ginecologica (Endometriosi)
[2026-04-16 17:31:00] ⏱ [17:31:00] Sacro Cuore: nessuno slot disponibile. Ricontrollo tra 5 min.
[2026-04-16 17:31:00] ✉️ Telegram inviato OK
[2026-04-16 17:31:00] === Check completato ===
[2026-04-16 17:35:54] === Check avviato ===
[2026-04-16 17:35:54] ❌ Nessuna disponibilità per Prima Visita Ginecologica (Endometriosi)
[2026-04-16 17:35:54] ⏱ [17:35:54] Sacro Cuore: nessuno slot disponibile. Ricontrollo tra 5 min.
[2026-04-16 17:35:54] ✉️ Telegram inviato OK
[2026-04-16 17:35:54] === Check completato ===
