[housekeeping] 02:00 === AIENA HOUSEKEEPING START ===
[housekeeping] 02:00 Deleted: qa_report_2026-05-09.json
[housekeeping] 02:00 Deleted: affiliate_report_2026-05-06.json
[housekeeping] 02:00 Deleted: qa_report_2026-05-08.json
[housekeeping] 02:00 Deleted: affiliate_report_2026-05-04.json
[housekeeping] 02:00 Deleted: qa_report_2026-04-22.json
[housekeeping] 02:00 Deleted: affiliate_report_2026-05-12.json
[housekeeping] 02:00 Deleted: affiliate_report_2026-04-29.json
[housekeeping] 02:00 Deleted: qa_report_2026-05-10.json
[housekeeping] 02:00 Deleted: affiliate_report_2026-05-02.json
[housekeeping] 02:00 Deleted: qa_report_2026-05-04.json
[housekeeping] 02:00 Deleted: affiliate_report_2026-04-20.json
[housekeeping] 02:00 Deleted: qa_report_2026-04-29.json
[housekeeping] 02:00 Deleted: qa_report_2026-05-01.json
[housekeeping] 02:00 Deleted: qa_report_2026-05-11.json
[housekeeping] 02:00 Deleted: qa_report_2026-05-14.json
[housekeeping] 02:00 Deleted: qa_report_2026-05-12.json
[housekeeping] 02:00 Deleted: qa_report_2026-04-28.json
[housekeeping] 02:00 Deleted: qa_report_2026-04-16.json
[housekeeping] 02:00 Deleted: affiliate_report_2026-04-22.json
[housekeeping] 02:00 Deleted: qa_report_2026-04-21.json
[housekeeping] 02:00 Deleted: qa_report_2026-04-23.json
[housekeeping] 02:00 Deleted: affiliate_report_2026-04-23.json
[housekeeping] 02:00 Deleted: qa_report_2026-05-03.json
[housekeeping] 02:00 Deleted: qa_report_2026-05-02.json
[housekeeping] 02:00 Deleted: affiliate_report_2026-04-21.json
[housekeeping] 02:00 Deleted: qa_report_2026-04-24.json
[housekeeping] 02:00 Deleted: qa_report_2026-04-25.json
[housekeeping] 02:00 Deleted: qa_report_2026-05-05.json
[housekeeping] 02:00 Deleted: qa_report_2026-05-06.json
[housekeeping] 02:00 Deleted: affiliate_report_2026-04-26.json
[housekeeping] 02:00 Deleted: affiliate_report_2026-05-13.json
[housekeeping] 02:00 Deleted: affiliate_report_2026-04-28.json
[housekeeping] 02:00 Deleted: affiliate_report_2026-05-14.json
[housekeeping] 02:00 Deleted: affiliate_report_2026-04-19.json
[housekeeping] 02:00 Deleted: affiliate_report_2026-05-05.json
[housekeeping] 02:00 Deleted: affiliate_report_2026-04-27.json
[housekeeping] 02:00 Deleted: affiliate_report_2026-05-07.json
[housekeeping] 02:00 Deleted: affiliate_report_2026-05-01.json
[housekeeping] 02:00 Deleted: qa_report_2026-04-30.json
[housekeeping] 02:00 Deleted: affiliate_report_2026-04-18.json
[housekeeping] 02:00 Deleted: affiliate_report_2026-05-09.json
[housekeeping] 02:00 Deleted: qa_report_2026-05-13.json
[housekeeping] 02:00 Deleted: affiliate_report_2026-04-16.json
[housekeeping] 02:00 Deleted: qa_report_2026-04-20.json
[housekeeping] 02:00 Deleted: affiliate_report_2026-04-24.json
[housekeeping] 02:00 Deleted: qa_report_2026-05-07.json
[housekeeping] 02:00 Deleted: affiliate_report_2026-05-08.json
[housekeeping] 02:00 Deleted: affiliate_report_2026-05-11.json
[housekeeping] 02:00 Deleted: affiliate_report_2026-04-30.json
[housekeeping] 02:00 Deleted: qa_report_2026-04-17.json
[housekeeping] 02:00 Deleted: qa_report_2026-04-26.json
[housekeeping] 02:00 Deleted: affiliate_report_2026-04-25.json
[housekeeping] 02:00 Deleted: qa_report_2026-04-18.json
[housekeeping] 02:00 Deleted: affiliate_report_2026-05-10.json
[housekeeping] 02:00 Deleted: affiliate_report_2026-05-03.json
[housekeeping] 02:00 Deleted: qa_report_2026-04-19.json
[housekeeping] 02:00 Deleted: qa_report_2026-04-27.json
[housekeeping] 02:00 Deleted: affiliate_report_2026-04-24.txt
[housekeeping] 02:00 Deleted: affiliate_report_2026-04-19.txt
[housekeeping] 02:00 Deleted: qa_report_2026-04-25.txt
[housekeeping] 02:00 Deleted: affiliate_report_2026-04-21.txt
[housekeeping] 02:00 Deleted: affiliate_report_2026-05-09.txt
[housekeeping] 02:00 Deleted: qa_report_2026-04-26.txt
[housekeeping] 02:00 Deleted: qa_report_2026-05-10.txt
[housekeeping] 02:00 Deleted: affiliate_report_2026-04-18.txt
[housekeeping] 02:00 Deleted: qa_report_2026-05-08.txt
[housekeeping] 02:00 Deleted: qa_report_2026-04-29.txt
[housekeeping] 02:00 Deleted: affiliate_report_2026-04-28.txt
[housekeeping] 02:00 Deleted: affiliate_report_2026-05-14.txt
[housekeeping] 02:00 Deleted: affiliate_report_2026-04-29.txt
[housekeeping] 02:00 Deleted: qa_report_2026-05-05.txt
[housekeeping] 02:00 Deleted: affiliate_report_2026-05-12.txt
[housekeeping] 02:00 Deleted: qa_report_2026-04-17.txt
[housekeeping] 02:00 Deleted: qa_report_2026-04-20.txt
[housekeeping] 02:00 Deleted: affiliate_report_2026-04-26.txt
[housekeeping] 02:00 Deleted: qa_report_2026-05-12.txt
[housekeeping] 02:00 Deleted: qa_report_2026-05-04.txt
[housekeeping] 02:00 Deleted: affiliate_report_2026-04-27.txt
[housekeeping] 02:00 Deleted: qa_report_2026-05-07.txt
[housekeeping] 02:00 Deleted: qa_report_2026-05-14.txt
[housekeeping] 02:00 Deleted: qa_report_2026-04-16.txt
[housekeeping] 02:00 Deleted: qa_report_2026-05-11.txt
[housekeeping] 02:00 Deleted: affiliate_report_2026-04-22.txt
[housekeeping] 02:00 Deleted: affiliate_report_2026-05-02.txt
[housekeeping] 02:00 Deleted: qa_report_2026-04-28.txt
[housekeeping] 02:00 Deleted: affiliate_report_2026-05-10.txt
[housekeeping] 02:00 Deleted: qa_report_2026-04-23.txt
[housekeeping] 02:00 Deleted: qa_report_2026-04-22.txt
[housekeeping] 02:00 Deleted: affiliate_report_2026-05-08.txt
[housekeeping] 02:00 Deleted: qa_report_2026-05-02.txt
[housekeeping] 02:00 Deleted: affiliate_report_2026-05-06.txt
[housekeeping] 02:00 Deleted: qa_report_2026-04-27.txt
[housekeeping] 02:00 Deleted: affiliate_report_2026-04-23.txt
[housekeeping] 02:00 Deleted: qa_report_2026-04-24.txt
[housekeeping] 02:00 Deleted: affiliate_report_2026-04-25.txt
[housekeeping] 02:00 Deleted: qa_report_2026-05-03.txt
[housekeeping] 02:00 Deleted: qa_report_2026-05-13.txt
[housekeeping] 02:00 Deleted: qa_report_2026-05-01.txt
[housekeeping] 02:00 Deleted: qa_report_2026-04-19.txt
[housekeeping] 02:00 Deleted: affiliate_report_2026-05-13.txt
[housekeeping] 02:00 Deleted: qa_report_2026-05-06.txt
[housekeeping] 02:00 Deleted: qa_report_2026-04-21.txt
[housekeeping] 02:00 Deleted: affiliate_report_2026-05-05.txt
[housekeeping] 02:00 Deleted: qa_report_2026-04-30.txt
[housekeeping] 02:00 Deleted: affiliate_report_2026-05-07.txt
[housekeeping] 02:00 Deleted: qa_report_2026-05-09.txt
[housekeeping] 02:00 Deleted: affiliate_report_2026-05-03.txt
[housekeeping] 02:00 Deleted: affiliate_report_2026-04-30.txt
[housekeeping] 02:00 Deleted: affiliate_report_2026-04-20.txt
[housekeeping] 02:00 Deleted: affiliate_report_2026-04-16.txt
[housekeeping] 02:00 Deleted: affiliate_report_2026-05-01.txt
[housekeeping] 02:00 Deleted: affiliate_report_2026-05-11.txt
[housekeeping] 02:00 Deleted: affiliate_report_2026-05-04.txt
[housekeeping] 02:00 Deleted: qa_report_2026-04-18.txt
[housekeeping] 02:00 Deleted staging: disclaimer-en.html
[housekeeping] 02:00 Deleted staging: partnership-en.html
[housekeeping] 02:00 Deleted staging: faq-de.html
[housekeeping] 02:00 Deleted staging: affiliate-disclosure-de.html
[housekeeping] 02:00 Deleted staging: partnership-de.html
[housekeeping] 02:00 Deleted staging: privacy-en.html
[housekeeping] 02:00 Deleted staging: ARTICLE_TEMPLATE.html
[housekeeping] 02:00 Deleted staging: faq-en.html
[housekeeping] 02:00 Deleted staging: trump-milei-memecoin-presidenti-inchiesta-de.html
[housekeeping] 02:00 Deleted staging: carola-frediani-abschied-digitaler-journalismus.html
[housekeeping] 02:00 Deleted staging: cve-krypto-de.html
[housekeeping] 02:00 Deleted staging: blackrock-ibit-outflow-dark-pool-may-2026-en.html
[housekeeping] 02:00 Deleted staging: trump-milei-memecoin-presidenti-inchiesta-it.html
[housekeeping] 02:00 Deleted staging: genius-act-clarity-act-crypto-exchanges-2026-en.html
[housekeeping] 02:00 Deleted staging: mica-revisione-commissione-europea-2026-it.html
[housekeeping] 02:00 Deleted staging: wash-trading-crypto-what-it-is-safe-exchanges-2026-en.html
[housekeeping] 02:00 Deleted staging: ethereum-glamsterdam-upgrade-2026-it.html
[housekeeping] 02:00 Deleted staging: blackrock-ibit-deflussi-dark-pool-maggio-2026.html
[housekeeping] 02:00 Deleted staging: trump-milei-memecoin-presidenti-inchiesta-en.html
[housekeeping] 02:00 Deleted staging: mica-deadline-july-2026.html
[housekeeping] 02:00 Deleted staging: carola-frediani-adios-periodismo-digital.html
[housekeeping] 02:00 Deleted staging: mica-review-european-commission-2026-en.html
[housekeeping] 02:00 Deleted staging: mica-revision-comision-europea-2026-es.html
[housekeeping] 02:00 Deleted staging: bbva-crypto-espana-banca-mica-2025-es.html
[housekeeping] 02:00 Deleted staging: mica-ueberprufung-eu-kommission-2026-de.html
[housekeeping] 02:00 Deleted staging: wash-trading-crypto-cos-e-exchange-sicuri-2026.html
[housekeeping] 02:00 Deleted staging: wash-trading-krypto-was-ist-das-sichere-exchanges-2026-de.html
[housekeeping] 02:00 Deleted staging: kraken-ipo-2026-quotazione-borsa.html
[housekeeping] 02:00 Deleted staging: bbva-crypto-spagna-banche-ue-mica.html
[housekeeping] 02:00 Deleted staging: klingbeil-haltefrist-krypto-steuer-2026-de.html
[housekeeping] 02:00 Deleted staging: bitcoin-quantum-computing-2026-de.html
[housekeeping] 02:00 Deleted staging: harborne-farage-tether-reform-uk-krypto-2026-de.html
[housekeeping] 02:00 Deleted staging: harborne-farage-tether-reform-uk-crypto-2026-en.html
[housekeeping] 02:00 Deleted staging: wash-trading-crypto-que-es-exchanges-seguros-2026-es.html
[housekeeping] 02:00 Deleted staging: harborne-farage-tether-reform-uk-crypto-2026-es.html
[housekeeping] 02:00 Deleted staging: kraken-ipo-2026-bolsa-europa-es.html
[housekeeping] 02:00 Deleted staging: carola-frediani-digital-journalism-farewell.html
[housekeeping] 02:00 Deleted staging: blackrock-ibit-abfluesse-dark-pool-mai-2026-de.html
[housekeeping] 02:00 Deleted staging: blackrock-ibit-salidas-dark-pool-mayo-2026-es.html
[housekeeping] 02:00 Deleted staging: bbva-crypto-spain-mica-banks-2025-en.html
[housekeeping] 02:00 Deleted staging: trump-milei-memecoin-presidenti-inchiesta-es.html
[housekeeping] 02:00 Deleted staging: ethereum-glamsterdam-upgrade-2026.html
[housekeeping] 02:00 Deleted staging: harborne-farage-tether-politica-uk-crypto-2026.html
[housekeeping] 02:00 Deleted staging: bitcoin-quantum-computing-2026.html
[housekeeping] 02:00 Deleted staging: mica-deadline-julio-2026-es.html
[housekeeping] 02:00 Deleted staging: kraken-boersengang-2026-europa-de.html
[housekeeping] 02:00 Deleted staging: carola-frediani-addio-giornalismo-digitale-italia.html
[housekeeping] 02:00 Deleted staging: ethereum-glamsterdam-upgrade-2026-de.html
[housekeeping] 02:00 Deleted staging: clarity-act-demo.html
[housekeeping] 02:00 Deleted staging: comprare-bitcoin-senza-kyc.html
[housekeeping] 02:00 Deleted staging: mica-deadline-juli-2026-de.html
[housekeeping] 02:00 Deleted staging: kraken-ipo-2026-stock-listing-europe-en.html
[housekeeping] 02:00 Deleted staging: bitcoin-quantum-computing-2026-it.html
[housekeeping] 02:00 Deleted staging: bbva-crypto-spanien-mica-banken-2025-de.html
[housekeeping] 02:00 Deleted staging: mica-deadline-luglio-2026-it.html
[housekeeping] 02:00 Deleted staging: ethereum-glamsterdam-upgrade-2026-es.html
[housekeeping] 02:00 Deleted staging: kucoin.html
[housekeeping] 02:00 Deleted staging: mexc.html
[housekeeping] 02:00 Deleted staging: bison-de.html
[housekeeping] 02:00 Deleted staging: kucoin-es.html
[housekeeping] 02:00 Deleted staging: mexc-de.html
[housekeeping] 02:00 Deleted staging: mexc-es.html
[housekeeping] 02:00 Deleted staging: kraken-de.html
[housekeeping] 02:00 Deleted staging: gateio-de.html
[housekeeping] 02:00 Deleted staging: kucoin-de.html
[housekeeping] 02:00 Deleted staging: staking-calculator.html
[housekeeping] 02:00 Deleted staging: best-bitcoin-etp-europe-2026-en.html
[housekeeping] 02:00 Deleted staging: bitcoin-haltefrist-steuerfrei-2026-en.html
[housekeeping] 02:00 Deleted staging: bitcoin-haltefrist-steuerfrei-2026-de.html
[housekeeping] 02:00 Deleted staging: mica-exchange-compliance-2026.html
[housekeeping] 02:00 Deleted staging: best-crypto-exchange-portfolio-tracker-2026-en.html
[housekeeping] 02:00 Deleted staging: mica-exchange-compliance-2026-en.html
[housekeeping] 02:00 Deleted staging: bitcoin-haltefrist-steuerfrei-2026-es.html
[housekeeping] 02:00 Deleted staging: mejor-exchange-rastreador-portfolio-crypto-2026-es.html
[housekeeping] 02:00 Deleted staging: exchanges-autorizados-mica-julio-2026-es.html
[housekeeping] 02:00 Deleted staging: migliore-exchange-portfolio-tracker-integrato-2026.html
[housekeeping] 02:00 Deleted staging: krypto-exchanges-mica-juli-2026-wer-bleibt-de.html
[housekeeping] 02:00 Deleted staging: crypto-exchanges-mica-july-2026-who-survives-en.html
[housekeeping] 02:00 Deleted staging: best-bitcoin-etp-europe-2026-de.html
[housekeeping] 02:00 Deleted staging: binance-vs-coinbase.html
[housekeeping] 02:00 Deleted staging: mica-exchange-compliance-2026-es.html
[housekeeping] 02:00 Deleted staging: mica-exchange-compliance-2026-de.html
[housekeeping] 02:00 Deleted staging: best-bitcoin-software-wallet-2026-en.html
[housekeeping] 02:00 Deleted staging: exchange-mica-luglio-2026-chi-sopravvive.html
[housekeeping] 02:00 Deleted staging: exchanges-autorizados-cnmv-espana-2026-es.html
[housekeeping] 02:00 Deleted staging: bitcoin-haltefrist-steuerfrei-2026-it.html
[housekeeping] 02:00 Deleted staging: krypto-exchange-portfolio-tracker-finanzamt-2026-de.html
[housekeeping] 02:00 Deleted staging: mejor-app-crypto-2026-es.html
[housekeeping] 02:00 Deleted staging: clarity-act-krypto-2026-de.html
[housekeeping] 02:00 Deleted staging: clarity-act-cripto-2026-es.html
[housekeeping] 02:00 Deleted staging: clarity-act-crypto-2026-en.html
[housekeeping] 02:00 Deleted staging: bitcoinmarket-primo-exchange-bitcoin-storia-it.html
[housekeeping] 02:00 Deleted staging: bitcoinmarket-primer-exchange-bitcoin-historia-es.html
[housekeeping] 02:00 Deleted staging: bitcoin-quantum-computing-2026-es.html
[housekeeping] 02:00 Deleted staging: bitcoinmarket-erster-bitcoin-exchange-geschichte-de.html
[housekeeping] 02:00 Deleted staging: bitcoinmarket-first-bitcoin-exchange-history-en.html
[housekeeping] 02:00 Deleted staging: clarity-act-cripto-usa-2026.html
[housekeeping] 02:00 Deleted staging: safest-crypto-exchange-2026-de.html
[housekeeping] 02:00 Deleted staging: safest-crypto-exchange-2026-es.html
[housekeeping] 02:00 Deleted staging: migliore-wallet-bitcoin-software-2026.html
[housekeeping] 02:00 Deleted staging: bitcoin-halving.html
[housekeeping] 02:00 Deleted staging: come-comprare-bitcoin.html
[housekeeping] 02:00 Deleted staging: hardware-wallet.html
[housekeeping] 02:00 Done: 114 reports deleted, 103 staging files deleted
[housekeeping] 02:00 === AIENA HOUSEKEEPING END ===
[housekeeping] 02:00 === AIENA HOUSEKEEPING START ===
[housekeeping] 02:00 Deleted: affiliate_report_2026-05-19.json
[housekeeping] 02:00 Deleted: affiliate_report_2026-05-17.json
[housekeeping] 02:00 Deleted: qa_report_2026-05-15.json
[housekeeping] 02:00 Deleted: affiliate_report_2026-05-16.json
[housekeeping] 02:00 Deleted: qa_report_2026-05-20.json
[housekeeping] 02:00 Deleted: qa_report_2026-05-18.json
[housekeeping] 02:00 Deleted: qa_report_2026-05-17.json
[housekeeping] 02:00 Deleted: affiliate_report_2026-05-21.json
[housekeeping] 02:00 Deleted: affiliate_report_2026-05-20.json
[housekeeping] 02:00 Deleted: qa_report_2026-05-19.json
[housekeeping] 02:00 Deleted: qa_report_2026-05-21.json
[housekeeping] 02:00 Deleted: affiliate_report_2026-05-18.json
[housekeeping] 02:00 Deleted: affiliate_report_2026-05-15.json
[housekeeping] 02:00 Deleted: qa_report_2026-05-16.json
[housekeeping] 02:00 Deleted: affiliate_report_2026-05-15.txt
[housekeeping] 02:00 Deleted: qa_report_2026-05-18.txt
[housekeeping] 02:00 Deleted: qa_report_2026-05-15.txt
[housekeeping] 02:00 Deleted: affiliate_report_2026-05-21.txt
[housekeeping] 02:00 Deleted: affiliate_report_2026-05-18.txt
[housekeeping] 02:00 Deleted: qa_report_2026-05-16.txt
[housekeeping] 02:00 Deleted: qa_report_2026-05-19.txt
[housekeeping] 02:00 Deleted: qa_report_2026-05-21.txt
[housekeeping] 02:00 Deleted: affiliate_report_2026-05-16.txt
[housekeeping] 02:00 Deleted: affiliate_report_2026-05-17.txt
[housekeeping] 02:00 Deleted: affiliate_report_2026-05-19.txt
[housekeeping] 02:00 Deleted: qa_report_2026-05-20.txt
[housekeeping] 02:00 Deleted: qa_report_2026-05-17.txt
[housekeeping] 02:00 Deleted: affiliate_report_2026-05-20.txt
[housekeeping] 02:00 Deleted staging: no-kyc-exchange-europa-mica-2026-de.html
[housekeeping] 02:00 Deleted staging: tether-kpmg-pruefung-genius-act-2026-de.html
[housekeeping] 02:00 Deleted staging: tether-kpmg-audit-genius-act-2026.html
[housekeeping] 02:00 Deleted staging: no-kyc-exchange-europa-mica-2026-es.html
[housekeeping] 02:00 Deleted staging: tether-kpmg-audit-genius-act-2026-en.html
[housekeeping] 02:00 Deleted staging: tether-kpmg-auditoria-genius-act-2026-es.html
[housekeeping] 02:00 Deleted staging: no-kyc-exchange-europa-mica-2026.html
[housekeeping] 02:00 Deleted staging: no-kyc-exchange-europe-mica-2026-en.html
[housekeeping] 02:00 Deleted staging: art70-usdt-mica-es.html
[housekeeping] 02:00 Deleted staging: art70-usdt-mica-de.html
[housekeeping] 02:00 Deleted staging: art70-usdt-mica-it.html
[housekeeping] 02:00 Deleted staging: art70-usdt-mica-en.html
[housekeeping] 02:00 Done: 28 reports deleted, 12 staging files deleted
[housekeeping] 02:00 === AIENA HOUSEKEEPING END ===
[housekeeping] 02:00 === AIENA HOUSEKEEPING START ===
[housekeeping] 02:00 Deleted: qa_report_2026-05-27.json
[housekeeping] 02:00 Deleted: affiliate_report_2026-05-23.json
[housekeeping] 02:00 Deleted: qa_report_2026-05-23.json
[housekeeping] 02:00 Deleted: qa_report_2026-05-24.json
[housekeeping] 02:00 Deleted: affiliate_report_2026-05-24.json
[housekeeping] 02:00 Deleted: affiliate_report_2026-05-25.json
[housekeeping] 02:00 Deleted: qa_report_2026-05-26.json
[housekeeping] 02:00 Deleted: affiliate_report_2026-05-27.json
[housekeeping] 02:00 Deleted: affiliate_report_2026-05-28.json
[housekeeping] 02:00 Deleted: qa_report_2026-05-28.json
[housekeeping] 02:00 Deleted: qa_report_2026-05-25.json
[housekeeping] 02:00 Deleted: qa_report_2026-05-22.json
[housekeeping] 02:00 Deleted: affiliate_report_2026-05-22.json
[housekeeping] 02:00 Deleted: affiliate_report_2026-05-26.json
[housekeeping] 02:00 Deleted: affiliate_report_2026-05-27.txt
[housekeeping] 02:00 Deleted: qa_report_2026-05-23.txt
[housekeeping] 02:00 Deleted: qa_report_2026-05-24.txt
[housekeeping] 02:00 Deleted: affiliate_report_2026-05-25.txt
[housekeeping] 02:00 Deleted: qa_report_2026-05-22.txt
[housekeeping] 02:00 Deleted: affiliate_report_2026-05-24.txt
[housekeeping] 02:00 Deleted: qa_report_2026-05-27.txt
[housekeeping] 02:00 Deleted: affiliate_report_2026-05-26.txt
[housekeeping] 02:00 Deleted: qa_report_2026-05-25.txt
[housekeeping] 02:00 Deleted: affiliate_report_2026-05-23.txt
[housekeeping] 02:00 Deleted: qa_report_2026-05-28.txt
[housekeeping] 02:00 Deleted: affiliate_report_2026-05-22.txt
[housekeeping] 02:00 Deleted: qa_report_2026-05-26.txt
[housekeeping] 02:00 Deleted: affiliate_report_2026-05-28.txt
[housekeeping] 02:00 Deleted staging: cosa-fare-exchange-senza-casp-luglio-2026.html
[housekeeping] 02:00 Deleted staging: was-tun-exchange-ohne-casp-juli-2026-de.html
[housekeeping] 02:00 Deleted staging: what-to-do-exchange-without-casp-july-2026-en.html
[housekeeping] 02:00 Deleted staging: que-hacer-exchange-sin-casp-julio-2026-es.html
[housekeeping] 02:00 Deleted staging: art59-daytrading-exchanges-en.html
[housekeeping] 02:00 Deleted staging: art59-daytrading-exchanges-es.html
[housekeeping] 02:00 Done: 28 reports deleted, 6 staging files deleted
[housekeeping] 02:00 === AIENA HOUSEKEEPING END ===
[housekeeping] 02:00 === AIENA HOUSEKEEPING START ===
[housekeeping] 02:00 Deleted: qa_report_2026-05-29.json
[housekeeping] 02:00 Deleted: qa_report_2026-06-04.json
[housekeeping] 02:00 Deleted: affiliate_report_2026-06-02.json
[housekeeping] 02:00 Deleted: qa_report_2026-05-30.json
[housekeeping] 02:00 Deleted: affiliate_report_2026-06-01.json
[housekeeping] 02:00 Deleted: qa_report_2026-06-02.json
[housekeeping] 02:00 Deleted: affiliate_report_2026-06-04.json
[housekeeping] 02:00 Deleted: affiliate_report_2026-06-03.json
[housekeeping] 02:00 Deleted: affiliate_report_2026-05-31.json
[housekeeping] 02:00 Deleted: qa_report_2026-06-01.json
[housekeeping] 02:00 Deleted: affiliate_report_2026-05-29.json
[housekeeping] 02:00 Deleted: affiliate_report_2026-05-30.json
[housekeeping] 02:00 Deleted: qa_report_2026-05-31.json
[housekeeping] 02:00 Deleted: qa_report_2026-06-03.json
[housekeeping] 02:00 Deleted: qa_report_2026-05-31.txt
[housekeeping] 02:00 Deleted: qa_report_2026-06-03.txt
[housekeeping] 02:00 Deleted: qa_report_2026-06-01.txt
[housekeeping] 02:00 Deleted: affiliate_report_2026-06-03.txt
[housekeeping] 02:00 Deleted: affiliate_report_2026-05-31.txt
[housekeeping] 02:00 Deleted: qa_report_2026-05-30.txt
[housekeeping] 02:00 Deleted: affiliate_report_2026-06-01.txt
[housekeeping] 02:00 Deleted: affiliate_report_2026-05-29.txt
[housekeeping] 02:00 Deleted: affiliate_report_2026-05-30.txt
[housekeeping] 02:00 Deleted: qa_report_2026-06-02.txt
[housekeeping] 02:00 Deleted: qa_report_2026-06-04.txt
[housekeeping] 02:00 Deleted: affiliate_report_2026-06-04.txt
[housekeeping] 02:00 Deleted: qa_report_2026-05-29.txt
[housekeeping] 02:00 Deleted: affiliate_report_2026-06-02.txt
[housekeeping] 02:00 Deleted staging: ARTICLE_TEMPLATE.html
[housekeeping] 02:00 Deleted staging: binance-senza-casp-mica-luglio-2026.html
[housekeeping] 02:00 Deleted staging: nexo-mica-2026-no-casp-license-es.html
[housekeeping] 02:00 Deleted staging: binance-no-mica-license-july-2026-en.html
[housekeeping] 02:00 Deleted staging: ftx-rimborso-creditori-2026-prezzi-2022-de.html
[housekeeping] 02:00 Deleted staging: binance-kein-mica-casp-juli-2026-de.html
[housekeeping] 02:00 Deleted staging: young-platform-review-2026-en.html
[housekeeping] 02:00 Deleted staging: ftx-rimborso-creditori-2026-prezzi-2022-es.html
[housekeeping] 02:00 Deleted staging: young-platform-recensione-2026.html
[housekeeping] 02:00 Deleted staging: ftx-rimborso-creditori-2026-prezzi-2022-en.html
[housekeeping] 02:00 Deleted staging: nexo-mica-2026-no-casp-license-de.html
[housekeeping] 02:00 Deleted staging: binance-sin-licencia-mica-julio-2026-es.html
[housekeeping] 02:00 Deleted staging: ftx-rimborso-creditori-2026-prezzi-2022.html
[housekeeping] 02:00 Deleted staging: article-template-it.html
[housekeeping] 02:00 Deleted staging: article-template-es.html
[housekeeping] 02:00 Deleted staging: article-template-de.html
[housekeeping] 02:00 Deleted staging: article-template-en.html
[housekeeping] 02:00 Deleted staging: bitvavo-de.html
[housekeeping] 02:00 Deleted staging: bitvavo-en.html
[housekeeping] 02:00 Deleted staging: art70-mica-exchanges-es.html
[housekeeping] 02:00 Deleted staging: art67-nokyc-exchanges-it.html
[housekeeping] 02:00 Deleted staging: art66-ethb-blackrock-en.html
[housekeeping] 02:00 Deleted staging: art66-ethb-blackrock-es.html
[housekeeping] 02:00 Deleted staging: art67-nokyc-exchanges-de.html
[housekeeping] 02:00 Deleted staging: art59-daytrading-exchanges-de.html
[housekeeping] 02:00 Deleted staging: art70-mica-exchanges-de.html
[housekeeping] 02:00 Deleted staging: art67-nokyc-exchanges-en.html
[housekeeping] 02:00 Deleted staging: art66-ethb-blackrock-de.html
[housekeeping] 02:00 Deleted staging: art59-daytrading-exchanges-it.html
[housekeeping] 02:00 Deleted staging: art67-nokyc-exchanges-es.html
[housekeeping] 02:00 Deleted staging: art70-mica-exchanges-en.html
[housekeeping] 02:00 Deleted staging: art66-ethb-blackrock-it.html
[housekeeping] 02:00 Deleted staging: art70-mica-exchanges-it.html
[housekeeping] 02:00 Deleted staging: krypto-exchange-ohne-kyc-europa-2026-de.html
[housekeeping] 02:00 Deleted staging: best-crypto-loan-platforms-europe-2026-en.html
[housekeeping] 02:00 Deleted staging: mejor-exchange-cripto-day-trading-europa-2026-es.html
[housekeeping] 02:00 Deleted staging: best-crypto-exchange-day-trading-europe-2026-en.html
[housekeeping] 02:00 Deleted staging: migliore-exchange-crypto-day-trading-europa-2026_wrapped.html
[housekeeping] 02:00 Deleted staging: beste-krypto-kredit-plattformen-europe-2026-de.html
[housekeeping] 02:00 Deleted staging: mejores-plataformas-prestamos-crypto-2026-es.html
[housekeeping] 02:00 Deleted staging: prestiti-crypto-bitcoin-2026.html
[housekeeping] 02:00 Deleted staging: migliore-exchange-crypto-day-trading-europa-2026.html
[housekeeping] 02:00 Deleted staging: no-kyc-crypto-exchange-europe-2026-en.html
[housekeeping] 02:00 Deleted staging: beste-krypto-exchange-day-trading-europa-2026-de.html
[housekeeping] 02:00 Deleted staging: exchange-criptomonedas-sin-kyc-europa-2026-es.html
[housekeeping] 02:00 Deleted staging: exchange-crypto-senza-kyc-europa-2026.html
[housekeeping] 02:00 Done: 28 reports deleted, 46 staging files deleted
[housekeeping] 02:00 === AIENA HOUSEKEEPING END ===
[housekeeping] 02:00 === AIENA HOUSEKEEPING START ===
[housekeeping] 02:00 Deleted: qa_report_2026-06-07.json
[housekeeping] 02:00 Deleted: qa_report_2026-06-08.json
[housekeeping] 02:00 Deleted: qa_report_2026-06-06.json
[housekeeping] 02:00 Deleted: affiliate_report_2026-06-07.json
[housekeeping] 02:00 Deleted: qa_report_2026-06-09.json
[housekeeping] 02:00 Deleted: qa_report_2026-06-10.json
[housekeeping] 02:00 Deleted: affiliate_report_2026-06-08.json
[housekeeping] 02:00 Deleted: qa_report_2026-06-11.json
[housekeeping] 02:00 Deleted: affiliate_report_2026-06-09.json
[housekeeping] 02:00 Deleted: qa_report_2026-06-05.json
[housekeeping] 02:00 Deleted: affiliate_report_2026-06-05.json
[housekeeping] 02:00 Deleted: affiliate_report_2026-06-11.json
[housekeeping] 02:00 Deleted: affiliate_report_2026-06-06.json
[housekeeping] 02:00 Deleted: affiliate_report_2026-06-10.json
[housekeeping] 02:00 Deleted: qa_report_2026-06-10.txt
[housekeeping] 02:00 Deleted: qa_report_2026-06-05.txt
[housekeeping] 02:00 Deleted: affiliate_report_2026-06-08.txt
[housekeeping] 02:00 Deleted: affiliate_report_2026-06-09.txt
[housekeeping] 02:00 Deleted: affiliate_report_2026-06-06.txt
[housekeeping] 02:00 Deleted: qa_report_2026-06-09.txt
[housekeeping] 02:00 Deleted: affiliate_report_2026-06-11.txt
[housekeeping] 02:00 Deleted: affiliate_report_2026-06-10.txt
[housekeeping] 02:00 Deleted: affiliate_report_2026-06-07.txt
[housekeeping] 02:00 Deleted: qa_report_2026-06-08.txt
[housekeeping] 02:00 Deleted: qa_report_2026-06-06.txt
[housekeeping] 02:00 Deleted: affiliate_report_2026-06-05.txt
[housekeeping] 02:00 Deleted: qa_report_2026-06-07.txt
[housekeeping] 02:00 Deleted: qa_report_2026-06-11.txt
[housekeeping] 02:00 Deleted staging: binance-eu-services-halt-july-2026.html
[housekeeping] 02:00 Deleted staging: binance-eu-verbot-juli-2026-de.html
[housekeeping] 02:00 Deleted staging: was-passiert-binance-juli-2026-de.html
[housekeeping] 02:00 Deleted staging: mica-casp-fecha-limite-pais-por-pais-2026-es.html
[housekeeping] 02:00 Deleted staging: usdt-eu-ban-july-2026-en.html
[housekeeping] 02:00 Deleted staging: binance-prohibicion-eu-julio-2026-es.html
[housekeeping] 02:00 Deleted staging: mexc-mica-casp-july-2026-en.html
[housekeeping] 02:00 Deleted staging: nexo-mica-2026-no-casp-license-en.html
[housekeeping] 02:00 Deleted staging: nexo-mica-2026-no-casp-license.html
[housekeeping] 02:00 Deleted staging: staking-krypto-europa-mica-2026-de.html
[housekeeping] 02:00 Deleted staging: mica-casp-frist-land-fur-land-2026-de.html
[housekeeping] 02:00 Deleted staging: binance-eu-ban-july-2026-en.html
[housekeeping] 02:00 Deleted staging: operation-token-mirrors-fbi-nexfundai-lexobit-market-manipulation.html
[housekeeping] 02:00 Deleted staging: binance-divieto-eu-luglio-2026.html
[housekeeping] 02:00 Deleted staging: binance-stop-servizi-ue-luglio-2026.html
[housekeeping] 02:00 Deleted staging: cosa-fare-exchange-senza-casp-luglio-2026.html
[housekeeping] 02:00 Deleted staging: mica-casp-deadline-country-by-country-2026-en.html
[housekeeping] 02:00 Deleted staging: usdt-eu-verbot-juli-2026-de.html
[housekeeping] 02:00 Deleted staging: operation-token-mirrors-fbi-nexfundai-lexobit-market-manipulation-es.html
[housekeeping] 02:00 Deleted staging: staking-crypto-europa-mica-2026.html
[housekeeping] 02:00 Deleted staging: bitget-mica-casp-deadline-2026-en.html
[housekeeping] 02:00 Deleted staging: usdt-vietato-europa-luglio-2026.html
[housekeeping] 02:00 Deleted staging: what-happens-binance-july-2026-en.html
[housekeeping] 02:00 Deleted staging: mexc-mica-casp-julio-2026-es.html
[housekeeping] 02:00 Deleted staging: a7a5-russia-stablecoin-sanctions-war.html
[housekeeping] 02:00 Deleted staging: staking-crypto-europa-mica-2026-es.html
[housekeeping] 02:00 Deleted staging: operation-token-mirrors-fbi-nexfundai-lexobit-market-manipulation-de.html
[housekeeping] 02:00 Deleted staging: mica-casp-scadenza-paese-per-paese-2026.html
[housekeeping] 02:00 Deleted staging: mexc-mica-casp-luglio-2026.html
[housekeeping] 02:00 Deleted staging: was-tun-exchange-ohne-casp-juli-2026-de.html
[housekeeping] 02:00 Deleted staging: cosa-succede-binance-luglio-2026.html
[housekeeping] 02:00 Deleted staging: a7a5-russia-stablecoin-sanzioni-guerra.html
[housekeeping] 02:00 Deleted staging: staking-crypto-europe-mica-2026-en.html
[housekeeping] 02:00 Deleted staging: what-to-do-exchange-without-casp-july-2026-en.html
[housekeeping] 02:00 Deleted staging: operation-token-mirrors-fbi-nexfundai-lexobit-market-manipulation-en.html
[housekeeping] 02:00 Deleted staging: que-pasa-binance-julio-2026-es.html
[housekeeping] 02:00 Deleted staging: bitget-mica-casp-deadline-2026-de.html
[housekeeping] 02:00 Deleted staging: que-hacer-exchange-sin-casp-julio-2026-es.html
[housekeeping] 02:00 Deleted staging: mexc-mica-casp-juli-2026-de.html
[housekeeping] 02:00 Deleted staging: bitget-mica-casp-deadline-2026-es.html
[housekeeping] 02:00 Deleted staging: bitget-mica-casp-deadline-2026.html
[housekeeping] 02:00 Deleted staging: usdt-prohibido-europa-julio-2026-es.html
[housekeeping] 02:00 Deleted staging: art79-dex-p2p-no-kyc-mica-it.html
[housekeeping] 02:00 Deleted staging: art79-dex-p2p-no-kyc-mica-en.html
[housekeeping] 02:00 Deleted staging: blackrock-ethb-etf-ethereum-staking-2026-es.html
[housekeeping] 02:00 Deleted staging: migliori-alternative-binance-eu-2026.html
[housekeeping] 02:00 Deleted staging: best-binance-alternatives-eu-2026-en.html
[housekeeping] 02:00 Deleted staging: blackrock-ethb-etf-ethereum-staking-2026.html
[housekeeping] 02:00 Deleted staging: buy-bitcoin-without-kyc-dex-p2p-en.html
[housekeeping] 02:00 Deleted staging: beste-mica-autorisierten-exchanges-juli-2026-de.html
[housekeeping] 02:00 Deleted staging: binance-alternativen-eu-2026-de.html
[housekeeping] 02:00 Deleted staging: blackrock-ethb-staked-ethereum-etf-2026-en.html
[housekeeping] 02:00 Deleted staging: migliori-exchange-mica-autorizzati-luglio-2026.html
[housekeeping] 02:00 Deleted staging: bitcoin-kaufen-ohne-kyc-dex-p2p-de.html
[housekeeping] 02:00 Deleted staging: mejores-alternativas-binance-eu-2026-es.html
[housekeeping] 02:00 Deleted staging: mejores-exchanges-mica-autorizados-julio-2026-es.html
[housekeeping] 02:00 Deleted staging: best-mica-authorized-exchanges-july-2026-en.html
[housekeeping] 02:00 Deleted staging: comprar-bitcoin-sin-kyc-dex-p2p-es.html
[housekeeping] 02:00 Deleted staging: comprare-bitcoin-senza-kyc-dex-p2p.html
[housekeeping] 02:00 Deleted staging: blackrock-ethb-staking-ethereum-etf-2026-de.html
[housekeeping] 02:00 Deleted staging: ftx-rimborso-creditori-2026-prezzi-2022.html
[housekeeping] 02:00 Deleted staging: kraken.html
[housekeeping] 02:00 Deleted staging: bitvavo.html
[housekeeping] 02:00 Deleted staging: come-comprare-bitcoin-en.html
[housekeeping] 02:00 Deleted staging: come-comprare-bitcoin.html
[housekeeping] 02:00 Done: 28 reports deleted, 65 staging files deleted
[housekeeping] 02:00 === AIENA HOUSEKEEPING END ===
[housekeeping] 02:00 === AIENA HOUSEKEEPING START ===
[housekeeping] 02:00 Deleted: qa_report_2026-06-12.json
[housekeeping] 02:00 Deleted: qa_report_2026-06-13.json
[housekeeping] 02:00 Deleted: affiliate_report_2026-06-16.json
[housekeeping] 02:00 Deleted: affiliate_report_2026-06-14.json
[housekeeping] 02:00 Deleted: qa_report_2026-06-16.json
[housekeeping] 02:00 Deleted: affiliate_report_2026-06-12.json
[housekeeping] 02:00 Deleted: qa_report_2026-06-15.json
[housekeeping] 02:00 Deleted: qa_report_2026-06-18.json
[housekeeping] 02:00 Deleted: qa_report_2026-06-17.json
[housekeeping] 02:00 Deleted: affiliate_report_2026-06-15.json
[housekeeping] 02:00 Deleted: affiliate_report_2026-06-18.json
[housekeeping] 02:00 Deleted: affiliate_report_2026-06-13.json
[housekeeping] 02:00 Deleted: affiliate_report_2026-06-17.json
[housekeeping] 02:00 Deleted: qa_report_2026-06-14.json
[housekeeping] 02:00 Deleted: qa_report_2026-06-14.txt
[housekeeping] 02:00 Deleted: affiliate_report_2026-06-15.txt
[housekeeping] 02:00 Deleted: affiliate_report_2026-06-13.txt
[housekeeping] 02:00 Deleted: affiliate_report_2026-06-18.txt
[housekeeping] 02:00 Deleted: affiliate_report_2026-06-12.txt
[housekeeping] 02:00 Deleted: qa_report_2026-06-13.txt
[housekeeping] 02:00 Deleted: qa_report_2026-06-17.txt
[housekeeping] 02:00 Deleted: affiliate_report_2026-06-14.txt
[housekeeping] 02:00 Deleted: qa_report_2026-06-15.txt
[housekeeping] 02:00 Deleted: qa_report_2026-06-16.txt
[housekeeping] 02:00 Deleted: affiliate_report_2026-06-17.txt
[housekeeping] 02:00 Deleted: qa_report_2026-06-18.txt
[housekeeping] 02:00 Deleted: affiliate_report_2026-06-16.txt
[housekeeping] 02:00 Deleted: qa_report_2026-06-12.txt
[housekeeping] 02:00 Deleted staging: lazarus-group-nordkorea-bitcoin-raketen-milliarden-de.html
[housekeeping] 02:00 Deleted staging: a7a5-russland-stablecoin-sanktionen-krieg.html
[housekeeping] 02:00 Deleted staging: bitcoin-etf-outflows-record-june-2026-en.html
[housekeeping] 02:00 Deleted staging: binance-eu-exit-july-2026-mica-alternatives-en.html
[housekeeping] 02:00 Deleted staging: bonus-migracion-binance-mica-2026-es.html
[housekeeping] 02:00 Deleted staging: was-wirklich-passierte-mica-1-juli-2026-de.html
[housekeeping] 02:00 Deleted staging: binance-uscita-europa-luglio-2026-alternative-mica.html
[housekeeping] 02:00 Deleted staging: htx-justin-sun-thirdparty-gelder-mica-2026-de.html
[housekeeping] 02:00 Deleted staging: what-happened-july-1-crypto-europe-2026-en.html
[housekeeping] 02:00 Deleted staging: was-passiert-1-juli-krypto-europa-2026-de.html
[housekeeping] 02:00 Deleted staging: cosa-successo-davvero-mica-1-luglio-2026.html
[housekeeping] 02:00 Deleted staging: binance-migration-bonus-mica-2026-en.html
[housekeeping] 02:00 Deleted staging: htx-justin-sun-fondi-utenti-thirdparty-mica-2026.html
[housekeeping] 02:00 Deleted staging: bitcoin-etf-abfluesse-rekord-juni-2026-de.html
[housekeeping] 02:00 Deleted staging: a7a5-rusia-stablecoin-sanciones-guerra.html
[housekeeping] 02:00 Deleted staging: exchange-crypto-autorizzati-mica-2026.html
[housekeeping] 02:00 Deleted staging: what-really-happened-mica-july-1-2026-en.html
[housekeeping] 02:00 Deleted staging: htx-justin-sun-thirdparty-funds-mica-2026-en.html
[housekeeping] 02:00 Deleted staging: binance-migrationsbonus-mica-2026-de.html
[housekeeping] 02:00 Deleted staging: mica-authorized-crypto-exchanges-2026-en.html
[housekeeping] 02:00 Deleted staging: que-paso-realmente-mica-1-julio-2026-es.html
[housekeeping] 02:00 Deleted staging: que-pasa-1-julio-cripto-europa-2026-es.html
[housekeeping] 02:00 Deleted staging: etf-bitcoin-salidas-record-junio-2026-es.html
[housekeeping] 02:00 Deleted staging: etf-bitcoin-deflussi-record-giugno-2026.html
[housekeeping] 02:00 Deleted staging: cosa-succede-luglio-1-crypto-europa-2026.html
[housekeeping] 02:00 Deleted staging: lazarus-group-north-korea-bitcoin-missiles-billions-en.html
[housekeeping] 02:00 Deleted staging: exchanges-cripto-autorizados-mica-2026-es.html
[housekeeping] 02:00 Deleted staging: mica-autorisierte-krypto-exchanges-2026-de.html
[housekeeping] 02:00 Deleted staging: lazarus-group-corea-norte-bitcoin-misiles-miles-millones-es.html
[housekeeping] 02:00 Deleted staging: binance-verlasst-europa-juli-2026-mica-alternativen-de.html
[housekeeping] 02:00 Deleted staging: htx-justin-sun-thirdparty-fondos-mica-2026-es.html
[housekeeping] 02:00 Deleted staging: lazarus-group-corea-nord-bitcoin-missili-miliardi.html
[housekeeping] 02:00 Deleted staging: bonus-migrazione-binance-mica-2026.html
[housekeeping] 02:00 Deleted staging: mejor-exchange-cripto-day-trading-europa-2026-es.html
[housekeeping] 02:00 Deleted staging: whitebit-eu-review-mica-2026.html
[housekeeping] 02:00 Deleted staging: best-crypto-exchange-day-trading-europe-2026-en.html
[housekeeping] 02:00 Deleted staging: whitebit-eu-review-mica-2026-es.html
[housekeeping] 02:00 Deleted staging: whitebit-eu-review-mica-2026-de.html
[housekeeping] 02:00 Deleted staging: migliore-exchange-crypto-day-trading-europa-2026.html
[housekeeping] 02:00 Deleted staging: beste-krypto-exchange-day-trading-europa-2026-de.html
[housekeeping] 02:00 Deleted staging: whitebit-eu-review-mica-2026-en.html
[housekeeping] 02:00 Done: 28 reports deleted, 41 staging files deleted
[housekeeping] 02:00 === AIENA HOUSEKEEPING END ===
[housekeeping] 02:00 === AIENA HOUSEKEEPING START ===
[housekeeping] 02:00 Deleted: affiliate_report_2026-06-24.json
[housekeeping] 02:00 Deleted: qa_report_2026-06-21.json
[housekeeping] 02:00 Deleted: affiliate_report_2026-06-21.json
[housekeeping] 02:00 Deleted: qa_report_2026-06-20.json
[housekeeping] 02:00 Deleted: qa_report_2026-06-19.json
[housekeeping] 02:00 Deleted: affiliate_report_2026-06-20.json
[housekeeping] 02:00 Deleted: affiliate_report_2026-06-22.json
[housekeeping] 02:00 Deleted: qa_report_2026-06-24.json
[housekeeping] 02:00 Deleted: qa_report_2026-06-23.json
[housekeeping] 02:00 Deleted: qa_report_2026-06-22.json
[housekeeping] 02:00 Deleted: qa_report_2026-06-25.json
[housekeeping] 02:00 Deleted: affiliate_report_2026-06-19.json
[housekeeping] 02:00 Deleted: affiliate_report_2026-06-25.json
[housekeeping] 02:00 Deleted: affiliate_report_2026-06-23.json
[housekeeping] 02:00 Deleted: affiliate_report_2026-06-25.txt
[housekeeping] 02:00 Deleted: affiliate_report_2026-06-19.txt
[housekeeping] 02:00 Deleted: qa_report_2026-06-22.txt
[housekeeping] 02:00 Deleted: qa_report_2026-06-23.txt
[housekeeping] 02:00 Deleted: affiliate_report_2026-06-23.txt
[housekeeping] 02:00 Deleted: affiliate_report_2026-06-22.txt
[housekeeping] 02:00 Deleted: affiliate_report_2026-06-20.txt
[housekeeping] 02:00 Deleted: qa_report_2026-06-24.txt
[housekeeping] 02:00 Deleted: affiliate_report_2026-06-21.txt
[housekeeping] 02:00 Deleted: qa_report_2026-06-19.txt
[housekeeping] 02:00 Deleted: affiliate_report_2026-06-24.txt
[housekeeping] 02:00 Deleted: qa_report_2026-06-25.txt
[housekeeping] 02:00 Deleted: qa_report_2026-06-21.txt
[housekeeping] 02:00 Deleted: qa_report_2026-06-20.txt
[housekeeping] 02:00 Deleted staging: ARTICLE_TEMPLATE.html
[housekeeping] 02:00 Deleted staging: strike-review-bitcoin-lightning-mica-malta-2026.html
[housekeeping] 02:00 Deleted staging: strike-de.html
[housekeeping] 02:00 Deleted staging: strike.html
[housekeeping] 02:00 Deleted staging: strike-en.html
[housekeeping] 02:00 Deleted staging: strike-review-bitcoin-lightning-mica-malta-2026-en.html
[housekeeping] 02:00 Deleted staging: binance-abandona-europa-julio-2026-alternativas-mica-es.html
[housekeeping] 02:00 Deleted staging: strike-review-bitcoin-lightning-mica-malta-2026-es.html
[housekeeping] 02:00 Deleted staging: strike-review-bitcoin-lightning-mica-malta-2026-de.html
[housekeeping] 02:00 Deleted staging: strike-es.html
[housekeeping] 02:00 Deleted staging: mica-usdc-circle-tether-scam-victims-2026-en.html
[housekeeping] 02:00 Deleted staging: strike-de.html
[housekeeping] 02:00 Deleted staging: strike.html
[housekeeping] 02:00 Deleted staging: strike-en.html
[housekeeping] 02:00 Deleted staging: strike-es.html
[housekeeping] 02:00 Deleted staging: art88-EN-content.html
[housekeeping] 02:00 Deleted staging: art88-IT-content.html
[housekeeping] 02:00 Deleted staging: art88-DE-content.html
[housekeeping] 02:00 Deleted staging: art88-EN-content_wrapped.html
[housekeeping] 02:00 Deleted staging: art88-DE-content_wrapped.html
[housekeeping] 02:00 Deleted staging: art88-ES-content.html
[housekeeping] 02:00 Deleted staging: art88-ES-content_wrapped.html
[housekeeping] 02:00 Deleted staging: art88-IT-content_wrapped.html
[housekeeping] 02:00 Done: 28 reports deleted, 23 staging files deleted
[housekeeping] 02:00 === AIENA HOUSEKEEPING END ===
[housekeeping] 02:00 === AIENA HOUSEKEEPING START ===
[housekeeping] 02:00 Deleted: qa_report_2026-06-29.json
[housekeeping] 02:00 Deleted: affiliate_report_2026-07-02.json
[housekeeping] 02:00 Deleted: qa_report_2026-06-27.json
[housekeeping] 02:00 Deleted: affiliate_report_2026-07-01.json
[housekeeping] 02:00 Deleted: affiliate_report_2026-06-30.json
[housekeeping] 02:00 Deleted: qa_report_2026-06-30.json
[housekeeping] 02:00 Deleted: qa_report_2026-06-28.json
[housekeeping] 02:00 Deleted: affiliate_report_2026-06-27.json
[housekeeping] 02:00 Deleted: affiliate_report_2026-06-28.json
[housekeeping] 02:00 Deleted: affiliate_report_2026-06-29.json
[housekeeping] 02:00 Deleted: qa_report_2026-07-01.json
[housekeeping] 02:00 Deleted: qa_report_2026-07-02.json
[housekeeping] 02:00 Deleted: affiliate_report_2026-06-26.json
[housekeeping] 02:00 Deleted: qa_report_2026-06-26.json
[housekeeping] 02:00 Deleted: qa_report_2026-07-02.txt
[housekeeping] 02:00 Deleted: qa_report_2026-06-29.txt
[housekeeping] 02:00 Deleted: affiliate_report_2026-07-01.txt
[housekeeping] 02:00 Deleted: qa_report_2026-06-28.txt
[housekeeping] 02:00 Deleted: affiliate_report_2026-07-02.txt
[housekeeping] 02:00 Deleted: qa_report_2026-06-26.txt
[housekeeping] 02:00 Deleted: affiliate_report_2026-06-26.txt
[housekeeping] 02:00 Deleted: affiliate_report_2026-06-27.txt
[housekeeping] 02:00 Deleted: affiliate_report_2026-06-28.txt
[housekeeping] 02:00 Deleted: qa_report_2026-06-27.txt
[housekeeping] 02:00 Deleted: affiliate_report_2026-06-29.txt
[housekeeping] 02:00 Deleted: qa_report_2026-06-30.txt
[housekeeping] 02:00 Deleted: qa_report_2026-07-01.txt
[housekeeping] 02:00 Deleted: affiliate_report_2026-06-30.txt
[housekeeping] 02:00 Deleted staging: clarity-act-senate-vote-crypto-exchanges-2026-en.html
[housekeeping] 02:00 Deleted staging: bear-market-dca-bitcoin-exchange-mica-europe-2026-en.html
[housekeeping] 02:00 Deleted staging: binance-eu-exit-july-2026-mica-alternatives-en.html
[housekeeping] 02:00 Deleted staging: youhodler-eu-suspension-mica-2026-es.html
[housekeeping] 02:00 Deleted staging: clarity-act-senato-voto-crypto-exchange-2026.html
[housekeeping] 02:00 Deleted staging: bonus-migracion-binance-mica-2026-es.html
[housekeeping] 02:00 Deleted staging: binance-uscita-europa-luglio-2026-alternative-mica.html
[housekeeping] 02:00 Deleted staging: youhodler-eu-suspension-mica-2026-de.html
[housekeeping] 02:00 Deleted staging: bear-market-dca-bitcoin-exchange-mica-europa-2026-es.html
[housekeeping] 02:00 Deleted staging: binance-migration-bonus-mica-2026-en.html
[housekeeping] 02:00 Deleted staging: binance-migrationsbonus-mica-2026-de.html
[housekeeping] 02:00 Deleted staging: mica-secondo-deadline-luglio-2026-personale-exchange.html
[housekeeping] 02:00 Deleted staging: youhodler-eu-suspension-mica-2026-en.html
[housekeeping] 02:00 Deleted staging: clarity-act-senat-abstimmung-kryptoboersen-2026-de.html
[housekeeping] 02:00 Deleted staging: clarity-act-senado-voto-crypto-exchanges-2026-es.html
[housekeeping] 02:00 Deleted staging: youhodler-eu-suspension-mica-2026.html
[housekeeping] 02:00 Deleted staging: bear-market-dca-bitcoin-exchange-mica-2026.html
[housekeeping] 02:00 Deleted staging: mica-zweite-frist-juli-2026-mitarbeiter-kompetenz-de.html
[housekeeping] 02:00 Deleted staging: mica-second-deadline-july-28-2026-staff-knowledge-en.html
[housekeeping] 02:00 Deleted staging: mica-segundo-plazo-julio-2026-competencia-personal-exchange-es.html
[housekeeping] 02:00 Deleted staging: binance-verlasst-europa-juli-2026-mica-alternativen-de.html
[housekeeping] 02:00 Deleted staging: bitcoin-dca-baermarkt-exchange-mica-europa-2026-de.html
[housekeeping] 02:00 Deleted staging: bonus-migrazione-binance-mica-2026.html
[housekeeping] 02:00 Deleted staging: mica-usdc-circle-tether-victimas-fraude-2026-es.html
[housekeeping] 02:00 Deleted staging: mica-usdc-circle-tether-vittime-frode-2026-content.html
[housekeeping] 02:00 Deleted staging: mica-usdc-circle-tether-scam-victims-2026-en-content.html
[housekeeping] 02:00 Deleted staging: mica-usdc-circle-tether-betrug-opfer-2026-de-content.html
[housekeeping] 02:00 Deleted staging: mica-usdc-circle-tether-vittime-frode-2026.html
[housekeeping] 02:00 Deleted staging: mica-usdc-circle-tether-betrug-opfer-2026-de.html
[housekeeping] 02:00 Deleted staging: mica-usdc-circle-tether-victimas-fraude-2026-es-content.html
[housekeeping] 02:00 Deleted staging: etoro.html
[housekeeping] 02:00 Deleted staging: bybit-de.html
[housekeeping] 02:00 Deleted staging: bybit-en.html
[housekeeping] 02:00 Deleted staging: bybit.html
[housekeeping] 02:00 Deleted staging: etoro-de.html
[housekeeping] 02:00 Deleted staging: bybit-es.html
[housekeeping] 02:00 Deleted staging: etoro-es.html
[housekeeping] 02:00 Deleted staging: etoro-en.html
[housekeeping] 02:00 Deleted staging: mejores-alternativas-htx-eu-2026-es.html
[housekeeping] 02:00 Deleted staging: best-htx-alternatives-eu-2026-en-content.html
[housekeeping] 02:00 Deleted staging: best-htx-alternatives-eu-2026-en.html
[housekeeping] 02:00 Deleted staging: mejores-alternativas-htx-eu-2026-es-content.html
[housekeeping] 02:00 Deleted staging: buy-bitcoin-without-kyc-dex-p2p-en.html
[housekeeping] 02:00 Deleted staging: migliori-alternative-htx-eu-2026.html
[housekeeping] 02:00 Deleted staging: bitcoin-kaufen-ohne-kyc-dex-p2p-de.html
[housekeeping] 02:00 Deleted staging: beste-htx-alternativen-eu-2026-de.html
[housekeeping] 02:00 Deleted staging: migliori-alternative-htx-eu-2026-content.html
[housekeeping] 02:00 Deleted staging: beste-htx-alternativen-eu-2026-de-content.html
[housekeeping] 02:00 Deleted staging: comprar-bitcoin-sin-kyc-dex-p2p-es.html
[housekeeping] 02:00 Deleted staging: comprare-bitcoin-senza-kyc-dex-p2p.html
[housekeeping] 02:00 Done: 28 reports deleted, 50 staging files deleted
[housekeeping] 02:00 === AIENA HOUSEKEEPING END ===
